../Core/Src/main.c:51:5:_write	24	static
../Core/Src/main.c:57:9:HX711_WaitReady	16	static
../Core/Src/main.c:68:9:HX711_ReadRaw	32	static
../Core/Src/main.c:100:9:HX711_ReadAverage	48	static
../Core/Src/main.c:121:6:HX711_Tare	16	static
../Core/Src/main.c:126:6:HX711_SetScale	16	static
../Core/Src/main.c:131:7:HX711_GetStrain	40	static
../Core/Src/main.c:144:7:IIR_LowPass	40	static
../Core/Src/main.c:153:5:main	48	static
../Core/Src/main.c:190:6:SystemClock_Config	88	static
../Core/Src/main.c:219:13:MX_USART2_UART_Init	8	static
../Core/Src/main.c:250:13:MX_GPIO_Init	56	static
../Core/Src/main.c:280:6:Error_Handler	8	static,ignoring_inline_asm
