../Core/Src/main.c:82:5:_write	24	static
../Core/Src/main.c:95:6:SPI_ReadBytes	32	static
../Core/Src/main.c:107:7:readThermocouple	16	static
../Core/Src/main.c:124:7:readColdJunction	16	static
../Core/Src/main.c:136:6:MAX31856_WriteRegister	32	static
../Core/Src/main.c:153:5:main	56	static
../Core/Src/main.c:232:6:SystemClock_Config	88	static
../Core/Src/main.c:273:13:MX_SPI1_Init	8	static
../Core/Src/main.c:313:13:MX_USART2_UART_Init	8	static
../Core/Src/main.c:361:13:MX_GPIO_Init	56	static
../Core/Src/main.c:395:6:Error_Handler	8	static,ignoring_inline_asm
